11:28:39 **** Incremental Build of configuration Debug for project nucleo-basic ****
make all 
arm-none-eabi-size   nucleo-basic.elf 
   text	   data	    bss	    dec	    hex	filename
 125976	    172	  65584	 191732	  2ecf4	nucleo-basic.elf
Finished building: default.size.stdout
 
arm-none-eabi-objcopy.exe -O ihex "nucleo-basic.elf" "nucleo-basic.hex"
 

11:28:45 Build Finished. 0 errors, 0 warnings. (took 5s.992ms)

11:28:47 **** Incremental Build of configuration Debug for project nucleo-basic ****
make all 
arm-none-eabi-size   nucleo-basic.elf 
   text	   data	    bss	    dec	    hex	filename
 125976	    172	  65584	 191732	  2ecf4	nucleo-basic.elf
Finished building: default.size.stdout
 
arm-none-eabi-objcopy.exe -O ihex "nucleo-basic.elf" "nucleo-basic.hex"
 
11:32:23 **** Incremental Build of configuration Debug for project nucleo-basic ****
make all 
arm-none-eabi-size   nucleo-basic.elf 
   text	   data	    bss	    dec	    hex	filename
 125976	    172	  65584	 191732	  2ecf4	nucleo-basic.elf
Finished building: default.size.stdout
 
arm-none-eabi-objcopy.exe -O ihex "nucleo-basic.elf" "nucleo-basic.hex"
 
